../Core/Src/main.c:117:5:main	24	static
../Core/Src/main.c:216:6:SystemClock_Config	80	static
../Core/Src/main.c:260:13:MX_I2C1_Init	8	static
../Core/Src/main.c:294:13:MX_USART2_UART_Init	8	static
../Core/Src/main.c:327:13:MX_GPIO_Init	40	static
../Core/Src/main.c:376:5:__io_putchar	24	static
../Core/Src/main.c:389:6:HAL_GPIO_EXTI_Callback	16	static
../Core/Src/main.c:408:16:platform_write	40	static
../Core/Src/main.c:426:16:platform_read	40	static
../Core/Src/main.c:442:13:hts221_initialize	8	static
../Core/Src/main.c:480:14:hts221_linear_interpolation	32	static
../Core/Src/main.c:499:13:iks01a3_i2c_stuck_quirk	40	static
../Core/Src/main.c:532:6:Error_Handler	4	static,ignoring_inline_asm
